// Jest Snapshot v1, https://goo.gl/fbAQLP

exports[`component tests example suite render to JSON 1`] = `
<Text
  style={
    Array [
      Object {
        "color": "#000",
      },
      Array [
        undefined,
        Object {
          "fontFamily": "Courier New",
          "fontWeight": "500",
        },
      ],
    ]
  }
>
  StaticText
</Text>
`;
